
kvsw7@kvsw7-PC MINGW64 ~
$ pwd
/c/Users/kvsw7

kvsw7@kvsw7-PC MINGW64 ~
$ cd desktop

kvsw7@kvsw7-PC MINGW64 ~/desktop (master)
$ cd gitbasics

kvsw7@kvsw7-PC MINGW64 ~/desktop/gitbasics (master)
$ git config user.name "Benze-45"

kvsw7@kvsw7-PC MINGW64 ~/desktop/gitbasics (master)
$ git config user.email "tabassum569fari@gmail.com"

kvsw7@kvsw7-PC MINGW64 ~/desktop/gitbasics (master)
$ git remote add gitbasics https://github.com/Benze-45/git-basics
fatal: remote gitbasics already exists.

kvsw7@kvsw7-PC MINGW64 ~/desktop/gitbasics (master)
$ git commit -m "checking"
On branch master
Your branch is up to date with 'gitbasics/master'.

Untracked files:
        tab.txt

nothing added to commit but untracked files present
\
kvsw7@kvsw7-PC MINGW64 ~/desktop/gitbasics (master)
$ ls
fariha.txt  tab.txt

kvsw7@kvsw7-PC MINGW64 ~/desktop/gitbasics (master)
$ git commit -m "checking"
On branch master
Your branch is up to date with 'gitbasics/master'.

nothing to commit, working tree clean

kvsw7@kvsw7-PC MINGW64 ~/desktop/gitbasics (master)
$ git pull gitbasics master
remote: Enumerating objects: 4, done.
remote: Counting objects: 100% (4/4), done.
remote: Compressing objects: 100% (2/2), done.
remote: Total 3 (delta 0), reused 0 (delta 0), pack-reused 0
Unpacking objects: 100% (3/3), done.
From https://github.com/Benze-45/git-basics
 * branch            master     -> FETCH_HEAD
   5a2a17b..159f1f7  master     -> gitbasics/master
Updating 5a2a17b..159f1f7
Fast-forward
 README.md | 2 ++
 1 file changed, 2 insertions(+)
 create mode 100644 README.md

kvsw7@kvsw7-PC MINGW64 ~/desktop/gitbasics (master)
$ pwd
/c/Users/kvsw7/desktop/gitbasics

kvsw7@kvsw7-PC MINGW64 ~/desktop/gitbasics (master)
$ cd ..

kvsw7@kvsw7-PC MINGW64 ~/desktop (master)
$ cd versioncontrol

kvsw7@kvsw7-PC MINGW64 ~/desktop/versioncontrol (master)
$ git init
Initialized empty Git repository in C:/Users/kvsw7/Desktop/versioncontrol/.git/

kvsw7@kvsw7-PC MINGW64 ~/desktop/versioncontrol (master)
$ git status
On branch master

No commits yet

Untracked files:
  (use "git add <file>..." to include in what will be committed)
        version control.pdf

nothing added to commit but untracked files present (use "git add" to track)

kvsw7@kvsw7-PC MINGW64 ~/desktop/versioncontrol (master)
$ git add verion control.pdf
fatal: pathspec 'verion' did not match any files

kvsw7@kvsw7-PC MINGW64 ~/desktop/versioncontrol (master)
$ git status
On branch master

No commits yet

Untracked files:
  (use "git add <file>..." to include in what will be committed)
        version control.pdf

nothing added to commit but untracked files present (use "git add" to track)

kvsw7@kvsw7-PC MINGW64 ~/desktop/versioncontrol (master)
$ gid add version control.pdf
bash: gid: command not found

kvsw7@kvsw7-PC MINGW64 ~/desktop/versioncontrol (master)
$ git add version control.pdf
fatal: pathspec 'version' did not match any files

kvsw7@kvsw7-PC MINGW64 ~/desktop/versioncontrol (master)
$ git add version control
fatal: pathspec 'version' did not match any files

kvsw7@kvsw7-PC MINGW64 ~/desktop/versioncontrol (master)
$ git add version control.pdf
fatal: pathspec 'version' did not match any files

kvsw7@kvsw7-PC MINGW64 ~/desktop/versioncontrol (master)
$ pwd
/c/Users/kvsw7/desktop/versioncontrol

kvsw7@kvsw7-PC MINGW64 ~/desktop/versioncontrol (master)
$ cd ..

kvsw7@kvsw7-PC MINGW64 ~/desktop (master)
$ cd versioncontrol

kvsw7@kvsw7-PC MINGW64 ~/desktop/versioncontrol (master)
$ ls
workflow-of-version-control.pdf

kvsw7@kvsw7-PC MINGW64 ~/desktop/versioncontrol (master)
$ git init
Reinitialized existing Git repository in C:/Users/kvsw7/Desktop/versioncontrol/.git/

kvsw7@kvsw7-PC MINGW64 ~/desktop/versioncontrol (master)
$ git -a
unknown option: -a
usage: git [--version] [--help] [-C <path>] [-c <name>=<value>]
           [--exec-path[=<path>]] [--html-path] [--man-path] [--info-path]
           [-p | --paginate | -P | --no-pager] [--no-replace-objects] [--bare]
           [--git-dir=<path>] [--work-tree=<path>] [--namespace=<name>]
           <command> [<args>]

kvsw7@kvsw7-PC MINGW64 ~/desktop/versioncontrol (master)
$ git status
On branch master

No commits yet

Untracked files:
  (use "git add <file>..." to include in what will be committed)
        workflow-of-version-control.pdf

nothing added to commit but untracked files present (use "git add" to track)

kvsw7@kvsw7-PC MINGW64 ~/desktop/versioncontrol (master)
$ git add workflow-of-version-control.pdf

kvsw7@kvsw7-PC MINGW64 ~/desktop/versioncontrol (master)
$ git status
On branch master

No commits yet

Changes to be committed:
  (use "git rm --cached <file>..." to unstage)
        new file:   workflow-of-version-control.pdf


kvsw7@kvsw7-PC MINGW64 ~/desktop/versioncontrol (master)
$ git config user.name"Benze-45"

kvsw7@kvsw7-PC MINGW64 ~/desktop/versioncontrol (master)
$ git config user.email"tabassum569fari@gmail.com"

kvsw7@kvsw7-PC MINGW64 ~/desktop/versioncontrol (master)
$ git remote add versioncontrol https://github.com/Benze-45/gitbasics-2

kvsw7@kvsw7-PC MINGW64 ~/desktop/versioncontrol (master)
$ git status
On branch master

No commits yet

Changes to be committed:
  (use "git rm --cached <file>..." to unstage)
        new file:   workflow-of-version-control.pdf


kvsw7@kvsw7-PC MINGW64 ~/desktop/versioncontrol (master)
$ git commit -m "checking"
[master (root-commit) 95bac68] checking
 1 file changed, 0 insertions(+), 0 deletions(-)
 create mode 100644 workflow-of-version-control.pdf

kvsw7@kvsw7-PC MINGW64 ~/desktop/versioncontrol (master)
$ git push -u versioncontrol master
Enumerating objects: 3, done.
Counting objects: 100% (3/3), done.
Delta compression using up to 4 threads
Compressing objects: 100% (3/3), done.
Writing objects: 100% (3/3), 539.89 KiB | 21.60 MiB/s, done.
Total 3 (delta 0), reused 0 (delta 0)
To https://github.com/Benze-45/gitbasics-2
 * [new branch]      master -> master
Branch 'master' set up to track remote branch 'master' from 'versioncontrol'.

kvsw7@kvsw7-PC MINGW64 ~/desktop/versioncontrol (master)
$ ^C

kvsw7@kvsw7-PC MINGW64 ~/desktop/versioncontrol (master)
$
